[www.facebook.com/cabecoson.html]
[backblue.gif]
[fade.gif]
[index.html]
[www.facebook.com/cabecoson4964.html]
[www.facebook.com/osd.xml]
[static.xx.fbcdn.net/rsrc.php/v3/yH/l/1,cross/XSOUaVDguxV.css]
[static.xx.fbcdn.net/rsrc.php/v3/y8/l/1,cross/NdT7zACAki5.css]
[static.xx.fbcdn.net/rsrc.php/v3/y9/l/1,cross/ZNxEGYhmi_O.css]
[static.xx.fbcdn.net/rsrc.php/v3/y0/l/1,cross/-xmURBmSEK3.css]
[static.xx.fbcdn.net/rsrc.php/v3/yX/l/1,cross/oWWlSfZVgNU.css]
[static.xx.fbcdn.net/rsrc.php/v3/yb/l/1,cross/UlMYsFGwpVB.css]
[static.xx.fbcdn.net/rsrc.php/v3/yS/l/1,cross/mDKZsRAm0cE.css]
[static.xx.fbcdn.net/rsrc.php/v3/yL/l/1,cross/t1uXCw1AC69.css]
[static.xx.fbcdn.net/rsrc.php/v3/ys/l/1,cross/vSsJhiGMm6n.css]
[static.xx.fbcdn.net/rsrc.php/v3/y5/l/1,cross/evNXJmVtBmu.css]
[static.xx.fbcdn.net/rsrc.php/v3/yP/l/1,cross/aXC6cDU5jnn.css]
[static.xx.fbcdn.net/rsrc.php/v3/yE/r/YjRzzZ3NWhc.js]
[www.facebook.com/index.html]
[scontent.frmq1-1.fna.fbcdn.net/v/t1.0-9/c0.126.851.315/p851x315/38461303_436416993509364_6750766335279497216_oad56.jpg]
[www.facebook.com/login/identifyc4d7.html]
[static.xx.fbcdn.net/rsrc.php/v3/yk/r/LOOn0JtHNzb.gif]
[scontent.frmq1-1.fna.fbcdn.net/v/t1.0-1/p160x160/42773806_477822102702186_5039884010046619648_n6de4.jpg]
[static.xx.fbcdn.net/rsrc.php/v3/ym/r/IKrON1RLHfZ.png]
[www.facebook.com/cabecoson/about.html]
[www.facebook.com/login/index.html]
[www.facebook.com/reg/index8d24.html]
[www.facebook.com/pages/5058f1af/626803387384162e822.html]
[scontent.frmq1-1.fna.fbcdn.net/v/t1.0-1/c12.0.40.40/p40x40/399548_10149999285987789_1102888142_n6a89.png]
[scontent.frmq1-1.fna.fbcdn.net/v/t1.0-0/p160x160/41801911_469687906848939_711567903605915648_nf9c0.jpg]
[www.facebook.com/login/index03e3.html]
[scontent.frmq1-1.fna.fbcdn.net/v/t1.0-0/p160x160/37053032_414712182346512_2274836072640806912_nf778.jpg]
[www.facebook.com/places/ke-zai-tai-zhong-shi-cong-shi-de-huo-dong/110922325599480/index.html]
[scontent.frmq1-1.fna.fbcdn.net/v/t1.0-0/p100x100/34809166_387752485042482_3310005693003595776_n00ef.jpg]
[scontent.frmq1-1.fna.fbcdn.net/v/t1.0-0/s100x100/24300914_311702609314137_153873574044686727_n040a.jpg]
[scontent.frmq1-1.fna.fbcdn.net/v/t1.0-0/s100x100/24909832_311701992647532_7777199860843241194_nfb5b.jpg]
[scontent.frmq1-1.fna.fbcdn.net/v/t1.0-1/c22.22.275.275/s50x50/406360_290864111020757_1598044024_n65c1.jpg]
[scontent.frmq1-1.fna.fbcdn.net/v/t1.0-1/c8.0.50.50/p50x50/1621684_727356670632410_1206677_nf9d8.jpg]
[scontent.frmq1-1.fna.fbcdn.net/v/t1.0-1/p50x50/14330166_1066473563471311_545091484832577185_n20a3.jpg]
[scontent.frmq1-1.fna.fbcdn.net/v/t1.0-1/c0.0.50.50/p50x50/1511108_624775560902099_1782949126_n1e55.jpg]
[scontent.frmq1-1.fna.fbcdn.net/v/t1.0-1/c0.10.50.50/p50x50/39148094_132828660982742_4689508059871969280_nbce0.jpg]
[scontent.frmq1-1.fna.fbcdn.net/v/t1.0-1/p50x50/29216437_1560251097428344_5715022417659691008_nab3d.jpg]
[scontent.frmq1-1.fna.fbcdn.net/v/t1.0-1/p50x50/24129843_1788881334742277_4686572834934656455_nbb42.jpg]
[scontent.frmq1-1.fna.fbcdn.net/v/t1.0-1/c104.14.172.172/s50x50/428714_115688228557096_290556329_n7ba7.jpg]
[scontent.frmq1-1.fna.fbcdn.net/v/t1.0-1/p50x50/18156848_10211607181722489_7622817151027470141_n38d0.jpg]
[scontent.frmq1-1.fna.fbcdn.net/v/t1.0-1/p50x50/22780525_1643015132386762_1736159634382466009_ne70d.jpg]
[scontent.frmq1-1.fna.fbcdn.net/v/t1.0-1/p50x50/38005563_875450102664487_1841203611657306112_n835a.jpg]
[scontent.frmq1-1.fna.fbcdn.net/v/t1.0-1/c16.0.50.50/p50x50/10382880_703866063010661_6292659580377605808_nb6db.jpg]
[www.facebook.com/public/李明璟.html]
[scontent.frmq1-1.fna.fbcdn.net/v/t1.0-1/c127.37.466.466/s50x50/314405_146207412138238_512512088_nd95d.jpg]
[connect.facebook.net/security/hsts-pixel.gif]
[www.facebook.com/BHiM]
[www.facebook.com/AA8a]
[www.facebook.com/f43F]
[www.facebook.com/IToy]
[www.facebook.com/S+p0]
[www.facebook.com/km2J]
[www.facebook.com/FvFT]
[www.facebook.com/6L5p]
[www.facebook.com/qZW+]
[www.facebook.com/cabecoson.html]
[scontent.frmq1-1.fna.fbcdn.net/v/t1.0-1/p50x50/18034124_118974081992407_4977476712597635233_nd5ee.jpg]
[scontent.frmq1-1.fna.fbcdn.net/v/t1.0-1/p50x50/16195161_1879149212317725_5447403587396779192_ndd7d.jpg]
[www.facebook.com/cabecoson4964.html]
[static.xx.fbcdn.net/rsrc.php/v3/yJ/r/U-gJhLJ0IjL.png]
[static.xx.fbcdn.net/rsrc.php/v3/yG/r/S-tmaD99SDv.png]
[static.xx.fbcdn.net/rsrc.php/v3/yH/r/hEUoY0-011y.png]
[static.xx.fbcdn.net/rsrc.php/v3/yb/r/GsNJNwuI-UM.gif]
[static.xx.fbcdn.net/rsrc.php/v3/yo/r/k0vzvoc8epV.png]
[static.xx.fbcdn.net/rsrc.php/v3/yC/r/WI7uf-RKP0d.png]
[static.xx.fbcdn.net/rsrc.php/v3/yQ/r/xsAfzG-Yhr3.png]
[static.xx.fbcdn.net/rsrc.php/v3/yV/r/mnaviyje6ET.png]
[static.xx.fbcdn.net/rsrc.php/v3/yv/r/uKY-0BhOA5M.png]
[static.xx.fbcdn.net/rsrc.php/v3/yt/r/8_E1useB_P4.png]
[static.xx.fbcdn.net/rsrc.php/v3/yS/r/o6aZ353TgfK.png]
[static.xx.fbcdn.net/rsrc.php/v3/yO/r/LSqFq5c0N_Z.png]
[static.xx.fbcdn.net/rsrc.php/v3/yT/r/AtNb-09AVg3.png]
[static.xx.fbcdn.net/rsrc.php/v3/yO/r/ZTHOwXZoeWi.png]
[static.xx.fbcdn.net/rsrc.php/v3/ya/r/G8nFbm5S0eo.png]
[static.xx.fbcdn.net/rsrc.php/v3/yL/r/EwcQk_8xRIS.png]
[static.xx.fbcdn.net/rsrc.php/v3/yp/r/cqYwiRQSBhp.png]
[static.xx.fbcdn.net/rsrc.php/v3/y1/r/1_urMmzisX1.png]
[static.xx.fbcdn.net/rsrc.php/v3/yH/l/1,cross/XSOUaVDguxV.css]
[static.xx.fbcdn.net/rsrc.php/v3/yL/r/unHwF9CkMyM.png]
[static.xx.fbcdn.net/rsrc.php/v3/y9/r/jKEcVPZFk-2.gif]
[static.xx.fbcdn.net/rsrc.php/v3/yQ/r/egNwHkHKlYU.png]
[static.xx.fbcdn.net/rsrc.php/v3/yg/r/3pkFbIT7_rn.gif]
[static.xx.fbcdn.net/rsrc.php/v3/y1/r/1O3ziD-N29H.png]
[static.xx.fbcdn.net/rsrc.php/v3/yM/r/N6He2FZiAxO.png]
[static.xx.fbcdn.net/rsrc.php/v3/yX/r/XTBCJQ4brFv.png]
[static.xx.fbcdn.net/rsrc.php/v3/yt/r/9P4tFVoazCQ.png]
[static.xx.fbcdn.net/rsrc.php/v3/yl/r/seydRWcRiTg.png]
[static.xx.fbcdn.net/rsrc.php/v3/ye/r/ui6i-KsMj_C.png]
[static.xx.fbcdn.net/rsrc.php/v3/y_/r/pAT_aWF8wR_.png]
[static.xx.fbcdn.net/rsrc.php/v3/y-/r/xwSYR2E58h3.png]
[static.xx.fbcdn.net/rsrc.php/v3/yW/r/Axyu4eaL7Hg.png]
[static.xx.fbcdn.net/rsrc.php/v3/yb/r/L9ihTQnL_St.png]
[static.xx.fbcdn.net/rsrc.php/v3/y8/r/I8Co4jsGVcm.png]
[static.xx.fbcdn.net/rsrc.php/v3/yk/r/FcjpOuTe9Yr.png]
[static.xx.fbcdn.net/rsrc.php/v3/yp/r/uqyTX_kDKHl.png]
[static.xx.fbcdn.net/rsrc.php/v3/ye/r/MINEEG47nWx.png]
[static.xx.fbcdn.net/rsrc.php/v3/y-/r/l_0dRBh2Ihj.png]
[static.xx.fbcdn.net/rsrc.php/v3/yc/r/SwNji1kOnjA.png]
[static.xx.fbcdn.net/rsrc.php/v3/y6/r/0ExJGJohl7a.png]
[static.xx.fbcdn.net/rsrc.php/v3/yx/r/EJf_3Q-iwuD.png]
[static.xx.fbcdn.net/rsrc.php/v3/yo/r/Iv23J4ZCwP5.png]
[static.xx.fbcdn.net/rsrc.php/v3/yN/r/WgFKRx0VFOG.png]
[static.xx.fbcdn.net/rsrc.php/v3/yH/r/yNvz5xtKREW.png]
[static.xx.fbcdn.net/rsrc.php/v3/yy/r/C_ajUOoDyiv.png]
[static.xx.fbcdn.net/rsrc.php/v3/y-/r/AGUNXgX_Wx3.gif]
[static.xx.fbcdn.net/rsrc.php/v3/yG/r/b53Ajb4ihCP.gif]
[static.xx.fbcdn.net/rsrc.php/v3/yV/r/N4CM9eriGaf.png]
[static.xx.fbcdn.net/rsrc.php/v3/y8/l/1,cross/NdT7zACAki5.css]
[static.xx.fbcdn.net/rsrc.php/v3/yb/r/ALnh3ly4npU.gif]
[static.xx.fbcdn.net/rsrc.php/v3/yv/r/Cqt6rxgitmm.png]
[static.xx.fbcdn.net/rsrc.php/v3/yD/r/N8eF8pLkCCD.png]
[static.xx.fbcdn.net/rsrc.php/v3/yq/r/W40dnJboeYg.png]
[static.xx.fbcdn.net/rsrc.php/v3/ym/r/R-wjHmhCfKv.png]
[static.xx.fbcdn.net/rsrc.php/v3/yU/r/O7nelmd9XSI.png]
[static.xx.fbcdn.net/rsrc.php/v3/y7/r/jZPS9cxhnaa.png]
[static.xx.fbcdn.net/rsrc.php/v3/y8/r/G4pVE8lTU5a.png]
[static.xx.fbcdn.net/rsrc.php/v3/y9/l/1,cross/ZNxEGYhmi_O.css]
[static.xx.fbcdn.net/rsrc.php/v3/yn/r/WnBA3gsaBNv.png]
[static.xx.fbcdn.net/rsrc.php/v3/yf/r/xi8RtEAVKss.png]
[static.xx.fbcdn.net/rsrc.php/v3/yX/r/fJgHSgySD0q.png]
[static.xx.fbcdn.net/rsrc.php/v3/y2/r/sPkzi2GsnAU.png]
[static.xx.fbcdn.net/rsrc.php/v3/yF/r/uXUv3b6g1WK.png]
[static.xx.fbcdn.net/rsrc.php/v3/yv/r/z1PAxf53vph.gif]
[static.xx.fbcdn.net/rsrc.php/v3/y5/r/OzkCShPcfVN.gif]
[static.xx.fbcdn.net/rsrc.php/v3/yH/r/YIs0iw6cHAa.gif]
[static.xx.fbcdn.net/rsrc.php/v3/y0/l/1,cross/-xmURBmSEK3.css]
[static.xx.fbcdn.net/rsrc.php/v3/y9/r/y7MG8IZpiC8.gif]
[static.xx.fbcdn.net/rsrc.php/v3/yX/l/1,cross/oWWlSfZVgNU.css]
[static.xx.fbcdn.net/rsrc.php/v3/yp/r/UhgfIqZ92VX.png]
[static.xx.fbcdn.net/rsrc.php/v3/y7/r/9CO35CVA2UW.png]
[static.xx.fbcdn.net/rsrc.php/v3/yL/r/65_FTUG8CF6.png]
[static.xx.fbcdn.net/rsrc.php/v3/yf/r/Y4j6N-6iM34.png]
[static.xx.fbcdn.net/rsrc.php/v3/yI/r/zADoAEMKF3k.png]
[static.xx.fbcdn.net/rsrc.php/v3/yJ/r/BkoSK7r6VWt.png]
[static.xx.fbcdn.net/rsrc.php/v3/yb/l/1,cross/UlMYsFGwpVB.css]
[static.xx.fbcdn.net/rsrc.php/v3/yk/r/IxM-aea4gLx.png]
[static.xx.fbcdn.net/rsrc.php/v3/y6/r/kEJQrRVNfrk.png]
[static.xx.fbcdn.net/rsrc.php/v3/yl/r/Zi4SfiYNyqJ.png]
[static.xx.fbcdn.net/rsrc.php/v3/yY/r/nSlaHBdwDcH.png]
[static.xx.fbcdn.net/rsrc.php/v3/yV/r/j04GGKVEdzX.png]
[static.xx.fbcdn.net/rsrc.php/v3/yr/r/EWLe5fNY_Iz.png]
[static.xx.fbcdn.net/rsrc.php/v3/y6/r/WMv2OfI7Nvw.png]
[static.xx.fbcdn.net/rsrc.php/v3/yG/r/K2-sKilHeTm.png]
[static.xx.fbcdn.net/rsrc.php/v3/yS/l/1,cross/mDKZsRAm0cE.css]
[static.xx.fbcdn.net/rsrc.php/v3/ya/r/v5E6dDbQaO9.png]
[static.xx.fbcdn.net/rsrc.php/v3/yL/l/1,cross/t1uXCw1AC69.css]
[static.xx.fbcdn.net/rsrc.php/v3/y4/r/-PAXP-deijE.gif]
[static.xx.fbcdn.net/rsrc.php/v3/yA/r/4WSewcWboV8.png]
[static.xx.fbcdn.net/rsrc.php/v3/yx/r/ogYrclupeJV.png]
[static.xx.fbcdn.net/rsrc.php/v3/yj/r/ubIGOTIgUYc.png]
[static.xx.fbcdn.net/rsrc.php/v3/yo/r/33RpiRygxAr.png]
[static.xx.fbcdn.net/rsrc.php/v3/ye/r/X-xPn9zKOki.png]
[static.xx.fbcdn.net/rsrc.php/v3/yR/r/ouVGOBlGw5N.png]
[static.xx.fbcdn.net/rsrc.php/v3/yT/r/Vi-KTnbdMKr.png]
[static.xx.fbcdn.net/rsrc.php/v3/y9/r/ZRMWyHJwner.png]
[static.xx.fbcdn.net/rsrc.php/v3/yB/r/GB5hU8jVUeQ.png]
[static.xx.fbcdn.net/rsrc.php/v3/y1/r/uVR6w3wRHEJ.gif]
[static.xx.fbcdn.net/rsrc.php/v3/yR/r/kPCE0g_tKJs.gif]
[static.xx.fbcdn.net/rsrc.php/v3/yY/r/_ZWZupdaAgS.gif]
[static.xx.fbcdn.net/rsrc.php/v3/yX/r/k2R_CZuPy2I.png]
[static.xx.fbcdn.net/rsrc.php/v3/yC/r/vpdmE0G__uh.png]
[static.xx.fbcdn.net/rsrc.php/v3/ys/l/1,cross/vSsJhiGMm6n.css]
[static.xx.fbcdn.net/rsrc.php/v3/y5/l/1,cross/evNXJmVtBmu.css]
[static.xx.fbcdn.net/rsrc.php/v3/yp/r/shtDLXTOp3O.png]
[static.xx.fbcdn.net/rsrc.php/v3/yX/r/elzc9TOUjEA.png]
[static.xx.fbcdn.net/rsrc.php/v3/yw/r/UtQ0u4ZkBFm.png]
[static.xx.fbcdn.net/rsrc.php/v3/yP/l/1,cross/aXC6cDU5jnn.css]
[www.facebook.com/^([^_/indexd41d.html]
[www.facebook.com/GET.9d.delayed]
[static.xx.fbcdn.net/rsrc.php/v3/yE/r/YjRzzZ3NWhc.js]
[static.xx.fbcdn.net/rsrc.php/v3/yw/l/1,cross/6qym5TgclPt.css]
[www.facebook.com/ABCDEFGHIJKLMNOPQRSTUVWXYZabcdefghijklmnopqrstuvwxyz0123456789+/index.html]
[static.xx.fbcdn.net/rsrc.php/v3/yv/l/1,cross/GbFk9o0pTRt.css]
[static.xx.fbcdn.net/rsrc.php/v3/yc/r/GwFs3_KxNjS.png]
[www.facebook.com/legal/terms/update.html]
[www.facebook.com/about/privacy/update.html]
[www.facebook.com/r.html]
[www.facebook.com/policies/cookies/index.html]
[www.facebook.com/lite/index.html]
[www.facebook.com/mobile/index30c2.html]
[www.facebook.com/directory/people/index.html]
[www.facebook.com/directory/videos/interests/index.html]
[www.facebook.com/directory/pages/index.html]
[www.facebook.com/places/index.html]
[www.facebook.com/games/index.html]
[www.facebook.com/directory/marketplace/index.html]
[www.facebook.com/directory/groups/index.html]
[www.facebook.com/directory/places/index.html]
[www.facebook.com/local/lists/245019872666104/index.html]
[www.facebook.com/facebook.html]
[www.facebook.com/privacy/explanation.html]
[www.facebook.com/help/568137493302217.html]
[www.facebook.com/policies30c2.html]
[www.facebook.com/help/2687943754764396.html]
[www.facebook.com/careers/index30c2.html]
[www.facebook.com/help/index30c2.html]
[www.facebook.com/help/www/1573156092981768/index.html]
[www.facebook.com/allactivity99e1]
[www.facebook.com/index.html]
[static.xx.fbcdn.net/rsrc.php/v3/yZ/l/1,cross/F2sy-t1BMQ4.css]
[www.facebook.com/login/identify5df2.html]
[www.facebook.com/login.html]
[www.facebook.com/login/BHiM]
[www.facebook.com/login/AA8a]
[www.facebook.com/login/f43F]
[www.facebook.com/login/IToy]
[www.facebook.com/login/identifyc4d7.html]
[www.facebook.com/login/index.html]
[www.facebook.com/reg/index8d24.html]
[www.facebook.com/cabecoson/about.html]
[www.facebook.com/pages/5058f1af/626803387384162e822.html]
[www.facebook.com/places/ke-zai-tai-zhong-shi-cong-shi-de-huo-dong/110922325599480/index.html]
